src/controllers/applicantControl.ts(90,63): error TS2339: Property 'applicant_name' does not exist on type 'Applicant_'.
src/controllers/applicantControl.ts(91,61): error TS2339: Property 'applicant_name' does not exist on type 'Applicant_'.
src/controllers/applicantControl.ts(92,53): error TS2339: Property 'applicant_email' does not exist on type 'Applicant_'.
src/controllers/applicantControl.ts(238,63): error TS2551: Property 'first name' does not exist on type 'Applicant_'. Did you mean 'first_name'?
src/controllers/applicantControl.ts(238,93): error TS2339: Property 'applicant_name' does not exist on type 'Applicant_'.
src/controllers/applicantControl.ts(239,61): error TS2551: Property 'last name' does not exist on type 'Applicant_'. Did you mean 'last_name'?
src/controllers/applicantControl.ts(239,90): error TS2339: Property 'applicant_name' does not exist on type 'Applicant_'.
src/controllers/applicantControl.ts(240,53): error TS2339: Property 'applicant_email' does not exist on type 'Applicant_'.
src/controllers/applicantControl.ts(240,72): error TS7053: Element implicitly has an 'any' type because expression of type '"email address"' can't be used to index type 'Applicant_'.
  Property 'email address' does not exist on type 'Applicant_'.
src/controllers/applicantControl.ts(241,61): error TS2551: Property 'job title' does not exist on type 'Applicant_'. Did you mean 'job_title'?
src/controllers/applicantControl.ts(272,46): error TS2769: No overload matches this call.
  Overload 1 of 4, '(filter?: _QueryFilter<{ email: string; first_name: string; last_name: string; headline: string; bio: string; location: string; skills: DocumentArray<{ entries?: {} | null; keys?: {} | null; values?: {} | null; prototype?: { ...; } | null; ... 19 more ...; groupBy?: {} | null; }, Subdocument<...> & { ...; }>; ... 152 more ...; "projects.groupBy": {} | ... 1 more ... | undefined; }> | undefined, projection?: ProjectionType<...> | ... 1 more ... | undefined, options?: (QueryOptions<...> & Abortable) | ... 1 more ... | undefined): Query<...>', gave the following error.
    Argument of type '{ first_name: string | undefined; last_name: string; }' is not assignable to parameter of type '_QueryFilter<{ email: string; first_name: string; last_name: string; headline: string; bio: string; location: string; skills: DocumentArray<{ entries?: {} | null; keys?: {} | null; values?: {} | null; prototype?: { toString?: {} | null; ... 5 more ...; propertyIsEnumerable?: {} | null; } | null; ... 19 more ...; gro...' with 'exactOptionalPropertyTypes: true'. Consider adding 'undefined' to the types of the target's properties.
      Type '{ first_name: string | undefined; last_name: string; }' is not assignable to type '{ email?: StrictCondition<ApplyBasicQueryCasting<string>>; first_name?: StrictCondition<ApplyBasicQueryCasting<string>>; ... 157 more ...; "projects.groupBy"?: {} | ... 2 more ... | null; }' with 'exactOptionalPropertyTypes: true'. Consider adding 'undefined' to the types of the target's properties.
        Types of property 'first_name' are incompatible.
          Type 'string | undefined' is not assignable to type 'StrictCondition<ApplyBasicQueryCasting<string>>'.
            Type 'undefined' is not assignable to type 'StrictCondition<ApplyBasicQueryCasting<string>>'.
  Overload 2 of 4, '(filter?: Query<any, any, {}, unknown, "find", Record<string, never>> | undefined, projection?: ProjectionType<{ email: string; first_name: string; last_name: string; bio: string; location: string; ... 10 more ...; social_links?: any; }> | null | undefined, options?: (QueryOptions<...> & Abortable) | ... 1 more ... | undefined): Query<...>', gave the following error.
    Object literal may only specify known properties, and 'first_name' does not exist in type 'Query<any, any, {}, unknown, "find", Record<string, never>>'.
src/controllers/verdictControl.ts(28,28): error TS2339: Property 'shortlisted' does not exist on type 'Document<unknown, {}, { email: string; first_name: string; last_name: string; bio: string; location: string; skills: DocumentArray<{ entries?: {} | null; keys?: {} | null; values?: {} | null; prototype?: { toString?: {} | null; ... 5 more ...; propertyIsEnumerable?: {} | null; } | null; ... 19 more ...; groupBy?: {}...'.
src/scripts/migrate.ts(6,8): error TS1192: Module '"/home/nezn/Documents/RankWise/backend/src/models/ScreenResult"' has no default export.
src/services/aiservice.ts(103,9): error TS2322: Type '{ applicant_id: string; applicant_name: any; applicant_email: any; location: string; skills: string[]; experience: DocumentArray<{ entries?: {} | null; keys?: {} | null; values?: {} | null; prototype?: { toString?: {} | null; ... 5 more ...; propertyIsEnumerable?: {} | null; } | null; ... 19 more ...; groupBy?: {} |...' is not assignable to type 'ScreeningCandidateInput[]'.
  Type '{ applicant_id: string; applicant_name: any; applicant_email: any; location: string; skills: string[]; experience: DocumentArray<{ entries?: {} | null; keys?: {} | null; values?: {} | null; prototype?: { toString?: {} | null; ... 5 more ...; propertyIsEnumerable?: {} | null; } | null; ... 19 more ...; groupBy?: {} |...' is missing the following properties from type 'ScreeningCandidateInput': languages, projects, certifications, availability, social_links
src/services/aiservice.ts(105,29): error TS2551: Property 'applicant_name' does not exist on type '{ email: string; first_name: string; last_name: string; bio: string; location: string; skills: DocumentArray<{ entries?: {} | null; keys?: {} | null; values?: {} | null; prototype?: { toString?: {} | null; ... 5 more ...; propertyIsEnumerable?: {} | null; } | null; ... 19 more ...; groupBy?: {} | null; }, Subdocumen...'. Did you mean 'applicant_state'?
src/services/aiservice.ts(106,30): error TS2339: Property 'applicant_email' does not exist on type '{ email: string; first_name: string; last_name: string; bio: string; location: string; skills: DocumentArray<{ entries?: {} | null; keys?: {} | null; values?: {} | null; prototype?: { toString?: {} | null; ... 5 more ...; propertyIsEnumerable?: {} | null; } | null; ... 19 more ...; groupBy?: {} | null; }, Subdocumen...'.
src/services/aiservice.ts(108,20): error TS2352: Conversion of type 'DocumentArray<{ entries?: {} | null; keys?: {} | null; values?: {} | null; prototype?: { toString?: {} | null; toLocaleString?: {} | null; valueOf?: {} | null; constructor?: { [Symbol.hasInstance]?: {} | null; ... 9 more ...; caller?: ... | null; } | null; hasOwnProperty?: {} | null; isPrototypeOf?: {} | null; prope...' to type 'string[]' may be a mistake because neither type sufficiently overlaps with the other. If this was intentional, convert the expression to 'unknown' first.
  Types of property 'push' are incompatible.
    Type '(...args: (AnyKeys<{ entries?: {} | null; keys?: {} | null; values?: {} | null; prototype?: { toString?: {} | null; toLocaleString?: {} | null; valueOf?: {} | null; constructor?: { [Symbol.hasInstance]?: {} | null; ... 9 more ...; caller?: ... | null; } | null; hasOwnProperty?: {} | null; isPrototypeOf?: {} | null; ...' is not comparable to type '(...items: string[]) => number'.
      Types of parameters 'args' and 'items' are incompatible.
        Type 'string' is not comparable to type 'AnyKeys<{ entries?: {} | null; keys?: {} | null; values?: {} | null; prototype?: { toString?: {} | null; toLocaleString?: {} | null; valueOf?: {} | null; constructor?: { [Symbol.hasInstance]?: {} | null; ... 9 more ...; caller?: ... | null; } | null; hasOwnProperty?: {} | null; isPrototypeOf?: {} | null; propertyIsE...'.
          Type 'string' is not comparable to type 'AnyObject'.
src/services/aiservice.ts(110,23): error TS2352: Conversion of type 'DocumentArray<{ entries?: {} | null; keys?: {} | null; values?: {} | null; prototype?: { toString?: {} | null; toLocaleString?: {} | null; valueOf?: {} | null; constructor?: { [Symbol.hasInstance]?: {} | null; ... 9 more ...; caller?: ... | null; } | null; hasOwnProperty?: {} | null; isPrototypeOf?: {} | null; prope...' to type 'string[]' may be a mistake because neither type sufficiently overlaps with the other. If this was intentional, convert the expression to 'unknown' first.
  Types of property 'push' are incompatible.
    Type '(...args: (AnyKeys<{ entries?: {} | null; keys?: {} | null; values?: {} | null; prototype?: { toString?: {} | null; toLocaleString?: {} | null; valueOf?: {} | null; constructor?: { [Symbol.hasInstance]?: {} | null; ... 9 more ...; caller?: ... | null; } | null; hasOwnProperty?: {} | null; isPrototypeOf?: {} | null; ...' is not comparable to type '(...items: string[]) => number'.
      Types of parameters 'args' and 'items' are incompatible.
        Type 'string' is not comparable to type 'AnyKeys<{ entries?: {} | null; keys?: {} | null; values?: {} | null; prototype?: { toString?: {} | null; toLocaleString?: {} | null; valueOf?: {} | null; constructor?: { [Symbol.hasInstance]?: {} | null; ... 9 more ...; caller?: ... | null; } | null; hasOwnProperty?: {} | null; isPrototypeOf?: {} | null; propertyIsE...'.
          Type 'string' is not comparable to type 'AnyObject'.
src/services/aiservice.ts(111,26): error TS2339: Property 'resume_text' does not exist on type '{ email: string; first_name: string; last_name: string; bio: string; location: string; skills: DocumentArray<{ entries?: {} | null; keys?: {} | null; values?: {} | null; prototype?: { toString?: {} | null; ... 5 more ...; propertyIsEnumerable?: {} | null; } | null; ... 19 more ...; groupBy?: {} | null; }, Subdocumen...'.
src/services/aiservice.ts(232,7): error TS2322: Type '{ applicant_id: string; first_name: string; last_name: string; email: string; location: string; skills: string[]; experience: DocumentArray<{ entries?: {} | null; keys?: {} | null; values?: {} | null; prototype?: { ...; } | null; ... 19 more ...; groupBy?: {} | null; }, Subdocument<...> & { ...; }>; education: strin...' is not assignable to type 'ScreeningCandidateInput[]'.
  Type '{ applicant_id: string; first_name: string; last_name: string; email: string; location: string; skills: string[]; experience: DocumentArray<{ entries?: {} | null; keys?: {} | null; values?: {} | null; prototype?: { ...; } | null; ... 19 more ...; groupBy?: {} | null; }, Subdocument<...> & { ...; }>; education: strin...' is missing the following properties from type 'ScreeningCandidateInput': applicant_name, applicant_email, languages, projects, and 3 more.
src/services/aiservice.ts(238,18): error TS2352: Conversion of type 'DocumentArray<{ entries?: {} | null; keys?: {} | null; values?: {} | null; prototype?: { toString?: {} | null; toLocaleString?: {} | null; valueOf?: {} | null; constructor?: { [Symbol.hasInstance]?: {} | null; ... 9 more ...; caller?: ... | null; } | null; hasOwnProperty?: {} | null; isPrototypeOf?: {} | null; prope...' to type 'string[]' may be a mistake because neither type sufficiently overlaps with the other. If this was intentional, convert the expression to 'unknown' first.
  Types of property 'push' are incompatible.
    Type '(...args: (AnyKeys<{ entries?: {} | null; keys?: {} | null; values?: {} | null; prototype?: { toString?: {} | null; toLocaleString?: {} | null; valueOf?: {} | null; constructor?: { [Symbol.hasInstance]?: {} | null; ... 9 more ...; caller?: ... | null; } | null; hasOwnProperty?: {} | null; isPrototypeOf?: {} | null; ...' is not comparable to type '(...items: string[]) => number'.
      Types of parameters 'args' and 'items' are incompatible.
        Type 'string' is not comparable to type 'AnyKeys<{ entries?: {} | null; keys?: {} | null; values?: {} | null; prototype?: { toString?: {} | null; toLocaleString?: {} | null; valueOf?: {} | null; constructor?: { [Symbol.hasInstance]?: {} | null; ... 9 more ...; caller?: ... | null; } | null; hasOwnProperty?: {} | null; isPrototypeOf?: {} | null; propertyIsE...'.
          Type 'string' is not comparable to type 'AnyObject'.
src/services/aiservice.ts(240,21): error TS2352: Conversion of type 'DocumentArray<{ entries?: {} | null; keys?: {} | null; values?: {} | null; prototype?: { toString?: {} | null; toLocaleString?: {} | null; valueOf?: {} | null; constructor?: { [Symbol.hasInstance]?: {} | null; ... 9 more ...; caller?: ... | null; } | null; hasOwnProperty?: {} | null; isPrototypeOf?: {} | null; prope...' to type 'string[]' may be a mistake because neither type sufficiently overlaps with the other. If this was intentional, convert the expression to 'unknown' first.
  Types of property 'push' are incompatible.
    Type '(...args: (AnyKeys<{ entries?: {} | null; keys?: {} | null; values?: {} | null; prototype?: { toString?: {} | null; toLocaleString?: {} | null; valueOf?: {} | null; constructor?: { [Symbol.hasInstance]?: {} | null; ... 9 more ...; caller?: ... | null; } | null; hasOwnProperty?: {} | null; isPrototypeOf?: {} | null; ...' is not comparable to type '(...items: string[]) => number'.
      Types of parameters 'args' and 'items' are incompatible.
        Type 'string' is not comparable to type 'AnyKeys<{ entries?: {} | null; keys?: {} | null; values?: {} | null; prototype?: { toString?: {} | null; toLocaleString?: {} | null; valueOf?: {} | null; constructor?: { [Symbol.hasInstance]?: {} | null; ... 9 more ...; caller?: ... | null; } | null; hasOwnProperty?: {} | null; isPrototypeOf?: {} | null; propertyIsE...'.
          Type 'string' is not comparable to type 'AnyObject'.
src/services/aiservice.ts(241,24): error TS2339: Property 'resume_text' does not exist on type '{ email: string; first_name: string; last_name: string; bio: string; location: string; skills: DocumentArray<{ entries?: {} | null; keys?: {} | null; values?: {} | null; prototype?: { toString?: {} | null; ... 5 more ...; propertyIsEnumerable?: {} | null; } | null; ... 19 more ...; groupBy?: {} | null; }, Subdocumen...'.
